Archive member included because of file (symbol)

c:/devkitPro/devkitARM/arm-none-eabi/lib\libc.a(lib_a-memcpy-stub.o)
                              rt.o (memcpy)
c:/devkitPro/devkitARM/arm-none-eabi/lib\libc.a(lib_a-strcpy.o)
                              srv.o (strcpy)
c:/devkitPro/devkitARM/arm-none-eabi/lib\libc.a(lib_a-strlen.o)
                              rt.o (strlen)

Allocating common symbols
Common symbol       size              file

fsUserHandle        0x4               main.o

Memory Configuration

Name             Origin             Length             Attributes
*default*        0x00000000         0xffffffff

Linker script and memory map

                0x00100100                . = 0x100100
                0x00100100                . = ALIGN (0x4)

.text           0x00100100     0x2130
                0x00100100                __text_start = .
 bootloader.o(.text*)
 .text          0x00100100       0xa0 bootloader.o
                0x00100100                _Reset
                0x0010017c                _ReturnToUser
 *(.text*)
 .text          0x001001a0      0x2e8 AC.o
                0x001001a0                ACU_cmd1
                0x00100264                ACU_cmd26
                0x00100364                ACU_GetWifiStatus
                0x001003dc                ACU_WaitInternetConnection
 .text          0x00100488       0x74 entry.o
                0x00100488                c_entry
                0x001004e8                IRQHandler
 .text          0x001004fc      0xa84 FS.o
                0x001004fc                FSUSER_Initialize
                0x00100574                FSUSER_OpenFile
                0x001006a8                FSUSER_OpenFileDirectly
                0x00100818                FSUSER_OpenArchive
                0x00100924                FSUSER_OpenDirectory
                0x00100a28                FSUSER_CloseArchive
                0x00100ad0                FSFILE_Close
                0x00100b38                FSFILE_Read
                0x00100c28                FSFILE_Write
                0x00100d28                FSFILE_GetSize
                0x00100db0                FSFILE_SetSize
                0x00100e48                FSDIR_Read
                0x00100f18                FSDIR_Close
 .text          0x00100f80       0x74 main.o
                0x00100f80                sayHello
                0x00100fa8                main
 *fill*         0x00100ff4        0xc 
 .text          0x00101000       0x10 misc.o
                0x00101000                sleep
 .text          0x00101010       0x98 OS.o
                0x00101010                OS_ConvertVaddr2Physaddr
 .text          0x001010a8      0x180 pm.o
                0x001010a8                dumpKernel
                0x001010bc                getCurrentProcessId
                0x001010e8                getCurrentProcessHandle
                0x00101198                protectRemoteMemory
                0x001011ec                protectMemory
 .text          0x00101228      0x780 rt.o
                0x00101228                rtInitLock
                0x00101250                rtAcquireLock
                0x00101298                rtReleaseLock
                0x001012c0                rtAlignToPageSize
                0x001012f0                rtGetPageOfAddress
                0x0010131c                rtCheckRemoteMemoryRegionSafeForWrite
                0x001013c0                rtSafeCopyMemory
                0x00101454                rtGetFileSize
                0x0010159c                rtLoadFileToBuffer
                0x0010176c                rtGenerateJumpCode
                0x001017b4                rtInitHook
                0x0010188c                rtFlushInstructionCache
                0x001018c8                rtEnableHook
                0x00101938                rtDisableHook
 .text          0x001019a8      0x12c sharedfunc.o
                0x001019a8                initSharedFunc
 .text          0x00101ad4        0x0 SOC.o
 .text          0x00101ad4      0x230 srv.o
                0x00101ad4                initSrv
                0x00101b28                exitSrv
                0x00101b5c                srv_RegisterClient
                0x00101bf4                srv_getServiceHandle
 .text          0x00101d04       0x40 stub.o
                0x00101d04                showDbg
                0x00101d0c                nsDbgPrint
                0x00101d14                plgRegisterMenuEntry
                0x00101d1c                plgGetSharedServiceHandle
                0x00101d24                plgRequestMemory
                0x00101d2c                plgRegisterCallback
                0x00101d34                xsprintf
                0x00101d3c                controlVideo
 *fill*         0x00101d44        0xc 
 .text          0x00101d50      0x2a0 svc.o
                0x00101d50                getThreadCommandBuffer
                0x00101d5c                svc_controlMemory
                0x00101d7c                svc_exitProcess
                0x00101d84                svc_createThread
                0x00101da4                svc_exitThread
                0x00101dac                svc_sleepThread
                0x00101db4                svc_createMutex
                0x00101dc8                svc_releaseMutex
                0x00101dd0                svc_releaseSemaphore
                0x00101de4                svc_createEvent
                0x00101df8                svc_signalEvent
                0x00101e00                svc_clearEvent
                0x00101e08                svc_createMemoryBlock
                0x00101e20                svc_mapMemoryBlock
                0x00101e28                svc_unmapMemoryBlock
                0x00101e30                svc_arbitrateAddress
                0x00101e38                svc_closeHandle
                0x00101e40                svc_waitSynchronization1
                0x00101e48                svc_waitSynchronizationN
                0x00101e68                svc_getSystemTick
                0x00101e70                svc_getSystemInfo
                0x00101e8c                svc_getProcessInfo
                0x00101ea8                svc_connectToPort
                0x00101ebc                svc_sendSyncRequest
                0x00101ec4                svc_getProcessId
                0x00101ed8                svc_getThreadId
                0x00101eec                svc_setThreadIdealProcessor
                0x00101ef4                svc_openThread
                0x00101f08                svc_flushProcessDataCache
                0x00101f10                svc_invalidateProcessDataCache
                0x00101f18                svc_queryMemory
                0x00101f20                svc_addCodeSegment
                0x00101f28                svc_openProcess
                0x00101f3c                svc_controlProcessMemory
                0x00101f54                svc_mapProcessMemory
                0x00101f5c                svc_startInterProcessDma
                0x00101f7c                svc_getDmaState
                0x00101f90                svc_backDoor
                0x00101f98                svc_getProcessList
                0x00101fac                svc_getThreadList
                0x00101fc0                svc_getThreadContext
                0x00101fc8                svc_debugActiveProcess
                0x00101fdc                svc_readProcessMemory
                0x00101fe4                svc_writeProcessMemory
 .text          0x00101ff0       0xf0 c:/devkitPro/devkitARM/arm-none-eabi/lib\libc.a(lib_a-memcpy-stub.o)
                0x00101ff0                memcpy
 .text          0x001020e0       0xf0 c:/devkitPro/devkitARM/arm-none-eabi/lib\libc.a(lib_a-strcpy.o)
                0x001020e0                strcpy
 .text          0x001021d0       0x60 c:/devkitPro/devkitARM/arm-none-eabi/lib\libc.a(lib_a-strlen.o)
                0x001021d0                strlen

.glue_7         0x00102230        0x0
 .glue_7        0x00000000        0x0 linker stubs

.glue_7t        0x00102230        0x0
 .glue_7t       0x00000000        0x0 linker stubs

.vfp11_veneer   0x00102230        0x0
 .vfp11_veneer  0x00000000        0x0 linker stubs

.v4_bx          0x00102230        0x0
 .v4_bx         0x00000000        0x0 linker stubs

.plt            0x00102230        0x0
 .plt           0x00000000        0x0 bootloader.o

.iplt           0x00102230        0x0
 .iplt          0x00000000        0x0 bootloader.o
                0x00102230                . = ALIGN (0x4)

.data           0x00102230       0x18
 *(.data)
 .data          0x00102230        0x0 bootloader.o
 .data          0x00102230        0x0 AC.o
 .data          0x00102230        0x0 entry.o
 .data          0x00102230        0x0 FS.o
 .data          0x00102230       0x18 main.o
                0x00102230                sdmcArchive
 .data          0x00102248        0x0 misc.o
 .data          0x00102248        0x0 OS.o
 .data          0x00102248        0x0 pm.o
 .data          0x00102248        0x0 rt.o
 .data          0x00102248        0x0 sharedfunc.o
 .data          0x00102248        0x0 SOC.o
 .data          0x00102248        0x0 srv.o
 .data          0x00102248        0x0 stub.o
 .data          0x00102248        0x0 svc.o
 .data          0x00102248        0x0 c:/devkitPro/devkitARM/arm-none-eabi/lib\libc.a(lib_a-memcpy-stub.o)
 .data          0x00102248        0x0 c:/devkitPro/devkitARM/arm-none-eabi/lib\libc.a(lib_a-strcpy.o)
 .data          0x00102248        0x0 c:/devkitPro/devkitARM/arm-none-eabi/lib\libc.a(lib_a-strlen.o)

.dynamic        0x00102248       0x80
 .dynamic       0x00102248       0x80 bootloader.o
                0x00102248                _DYNAMIC

.got            0x001022c8        0x0
 .got           0x00000000        0x0 bootloader.o

.got.plt        0x001022c8        0xc
 .got.plt       0x001022c8        0xc bootloader.o
                0x001022c8                _GLOBAL_OFFSET_TABLE_

.igot.plt       0x001022d4        0x0
 .igot.plt      0x00000000        0x0 bootloader.o
                0x001022d4                . = ALIGN (0x4)
                0x001022d4                . = ALIGN (0x4)

.rel.dyn        0x001022d4      0x140
 *(.__rel_dyn_start)
 .__rel_dyn_start
                0x001022d4        0x0 bootloader.o
 *(.rel*)
 .rel.got       0x00000000        0x0 bootloader.o
 .rel.plt       0x00000000        0x0 bootloader.o
 .rel.iplt      0x00000000        0x0 bootloader.o
 .rel.text      0x001022d4      0x138 bootloader.o
 .rel.data      0x0010240c        0x8 bootloader.o
 *(.rel.*)
 *(.__rel_dyn_end)
 .__rel_dyn_end
                0x00102414        0x0 bootloader.o
                0x00102414                __code_end = .

.interp         0x00102414       0x11
 .interp        0x00102414       0x11 bootloader.o

.gnu.version_d  0x00102428        0x0
 .gnu.version_d
                0x00000000        0x0 bootloader.o

.gnu.version    0x00102426        0x0
 .gnu.version   0x00000000        0x0 bootloader.o

.gnu.version_r  0x00102428        0x0
 .gnu.version_r
                0x00000000        0x0 bootloader.o

.dynsym         0x00102428       0x60
 .dynsym        0x00102428       0x60 bootloader.o

.dynstr         0x00102488       0x21
 .dynstr        0x00102488       0x21 bootloader.o

.hash           0x001024ac       0x2c
 .hash          0x001024ac       0x2c bootloader.o

.rodata         0x001024d8       0xf4
 .rodata        0x001024d8        0x8 AC.o
 .rodata        0x001024e0       0x48 main.o
 .rodata        0x00102528       0x20 pm.o
 .rodata        0x00102548       0x7c rt.o
 .rodata        0x001025c4        0x8 srv.o
                0x001025cc                . = ALIGN (0x4)

.bss            0x001025cc       0x10
 *(.__bss_start)
 .__bss_start   0x001025cc        0x0 bootloader.o
                0x001025cc                __c_bss_start
 *(.bss COMMON)
 .bss           0x001025cc        0x0 bootloader.o
 .bss           0x001025cc        0x0 AC.o
 .bss           0x001025cc        0x0 entry.o
 .bss           0x001025cc        0x0 FS.o
 .bss           0x001025cc        0x0 main.o
 COMMON         0x001025cc        0x4 main.o
                0x001025cc                fsUserHandle
 .bss           0x001025d0        0x0 misc.o
 .bss           0x001025d0        0x0 OS.o
 .bss           0x001025d0        0x8 pm.o
                0x001025d0                hCurrentProcess
                0x001025d4                currentPid
 .bss           0x001025d8        0x0 rt.o
 .bss           0x001025d8        0x0 sharedfunc.o
 .bss           0x001025d8        0x0 SOC.o
 .bss           0x001025d8        0x4 srv.o
                0x001025d8                srvHandle
 .bss           0x001025dc        0x0 stub.o
 .bss           0x001025dc        0x0 svc.o
 .bss           0x001025dc        0x0 c:/devkitPro/devkitARM/arm-none-eabi/lib\libc.a(lib_a-memcpy-stub.o)
 .bss           0x001025dc        0x0 c:/devkitPro/devkitARM/arm-none-eabi/lib\libc.a(lib_a-strcpy.o)
 .bss           0x001025dc        0x0 c:/devkitPro/devkitARM/arm-none-eabi/lib\libc.a(lib_a-strlen.o)
 *(.__bss_end)
 .__bss_end     0x001025dc        0x0 bootloader.o
                0x001025dc                __c_bss_end
                0x001025dc                __end__ = .
LOAD AC.o
LOAD bootloader.o
LOAD entry.o
LOAD FS.o
LOAD main.o
LOAD misc.o
LOAD OS.o
LOAD pm.o
LOAD rt.o
LOAD sharedfunc.o
LOAD SOC.o
LOAD srv.o
LOAD stub.o
LOAD svc.o
LOAD c:/devkitPro/devkitARM/arm-none-eabi/lib\libc.a
LOAD c:/devkitPro/devkitARM/lib/gcc/arm-none-eabi/4.8.2\libgcc.a
OUTPUT(a.out elf32-littlearm)

.dynbss         0x001025dc        0x0
 .dynbss        0x00000000        0x0 bootloader.o

.ARM.attributes
                0x00000000       0x27
 .ARM.attributes
                0x00000000       0x19 bootloader.o
 .ARM.attributes
                0x00000019       0x2b AC.o
 .ARM.attributes
                0x00000044       0x2b entry.o
 .ARM.attributes
                0x0000006f       0x2b FS.o
 .ARM.attributes
                0x0000009a       0x2b main.o
 .ARM.attributes
                0x000000c5       0x19 misc.o
 .ARM.attributes
                0x000000de       0x2b OS.o
 .ARM.attributes
                0x00000109       0x2b pm.o
 .ARM.attributes
                0x00000134       0x2b rt.o
 .ARM.attributes
                0x0000015f       0x2b sharedfunc.o
 .ARM.attributes
                0x0000018a       0x2b SOC.o
 .ARM.attributes
                0x000001b5       0x2b srv.o
 .ARM.attributes
                0x000001e0       0x19 stub.o
 .ARM.attributes
                0x000001f9       0x19 svc.o
 .ARM.attributes
                0x00000212       0x30 c:/devkitPro/devkitARM/arm-none-eabi/lib\libc.a(lib_a-memcpy-stub.o)
 .ARM.attributes
                0x00000242       0x30 c:/devkitPro/devkitARM/arm-none-eabi/lib\libc.a(lib_a-strcpy.o)
 .ARM.attributes
                0x00000272       0x30 c:/devkitPro/devkitARM/arm-none-eabi/lib\libc.a(lib_a-strlen.o)

.comment        0x00000000       0x22
 .comment       0x00000000       0x22 AC.o
                                 0x23 (size before relaxing)
 .comment       0x00000000       0x23 entry.o
 .comment       0x00000000       0x23 FS.o
 .comment       0x00000000       0x23 main.o
 .comment       0x00000000       0x23 OS.o
 .comment       0x00000000       0x23 pm.o
 .comment       0x00000000       0x23 rt.o
 .comment       0x00000000       0x23 sharedfunc.o
 .comment       0x00000000       0x23 SOC.o
 .comment       0x00000000       0x23 srv.o
 .comment       0x00000000       0x23 c:/devkitPro/devkitARM/arm-none-eabi/lib\libc.a(lib_a-memcpy-stub.o)
 .comment       0x00000000       0x23 c:/devkitPro/devkitARM/arm-none-eabi/lib\libc.a(lib_a-strcpy.o)
 .comment       0x00000000       0x23 c:/devkitPro/devkitARM/arm-none-eabi/lib\libc.a(lib_a-strlen.o)

.debug_info     0x00000000     0x18f4
 .debug_info    0x00000000      0x274 AC.o
 .debug_info    0x00000274      0x107 entry.o
 .debug_info    0x0000037b      0x70b FS.o
 .debug_info    0x00000a86      0x1c5 main.o
 .debug_info    0x00000c4b       0xbf OS.o
 .debug_info    0x00000d0a      0x1b8 pm.o
 .debug_info    0x00000ec2      0x5fa rt.o
 .debug_info    0x000014bc      0x1c4 sharedfunc.o
 .debug_info    0x00001680       0x72 SOC.o
 .debug_info    0x000016f2      0x202 srv.o

.debug_abbrev   0x00000000      0x792
 .debug_abbrev  0x00000000       0xbd AC.o
 .debug_abbrev  0x000000bd       0xa8 entry.o
 .debug_abbrev  0x00000165      0x100 FS.o
 .debug_abbrev  0x00000265       0xaa main.o
 .debug_abbrev  0x0000030f       0x6d OS.o
 .debug_abbrev  0x0000037c       0xe0 pm.o
 .debug_abbrev  0x0000045c      0x18c rt.o
 .debug_abbrev  0x000005e8       0x9c sharedfunc.o
 .debug_abbrev  0x00000684       0x26 SOC.o
 .debug_abbrev  0x000006aa       0xe8 srv.o

.debug_aranges  0x00000000      0x138
 .debug_aranges
                0x00000000       0x20 AC.o
 .debug_aranges
                0x00000020       0x20 entry.o
 .debug_aranges
                0x00000040       0x20 FS.o
 .debug_aranges
                0x00000060       0x20 main.o
 .debug_aranges
                0x00000080       0x20 OS.o
 .debug_aranges
                0x000000a0       0x20 pm.o
 .debug_aranges
                0x000000c0       0x20 rt.o
 .debug_aranges
                0x000000e0       0x20 sharedfunc.o
 .debug_aranges
                0x00000100       0x18 SOC.o
 .debug_aranges
                0x00000118       0x20 srv.o

.debug_line     0x00000000      0xad6
 .debug_line    0x00000000      0x137 AC.o
 .debug_line    0x00000137       0xd4 entry.o
 .debug_line    0x0000020b      0x214 FS.o
 .debug_line    0x0000041f       0xe5 main.o
 .debug_line    0x00000504       0xf4 OS.o
 .debug_line    0x000005f8       0xf5 pm.o
 .debug_line    0x000006ed      0x1a8 rt.o
 .debug_line    0x00000895       0xf3 sharedfunc.o
 .debug_line    0x00000988       0x1d SOC.o
 .debug_line    0x000009a5      0x131 srv.o

.debug_str      0x00000000      0x775
 .debug_str     0x00000000      0x13d AC.o
                                0x196 (size before relaxing)
 .debug_str     0x0000013d       0x4e entry.o
                                0x142 (size before relaxing)
 .debug_str     0x0000018b      0x1ed FS.o
                                0x339 (size before relaxing)
 .debug_str     0x00000378       0x35 main.o
                                0x1d8 (size before relaxing)
 .debug_str     0x000003ad       0x33 OS.o
                                0x120 (size before relaxing)
 .debug_str     0x000003e0       0x9b pm.o
                                0x1b9 (size before relaxing)
 .debug_str     0x0000047b      0x1b5 rt.o
                                0x3bb (size before relaxing)
 .debug_str     0x00000630       0xc8 sharedfunc.o
                                0x201 (size before relaxing)
 .debug_str     0x000006f8       0x15 SOC.o
                                 0xee (size before relaxing)
 .debug_str     0x0000070d       0x68 srv.o
                                0x18e (size before relaxing)

.debug_frame    0x00000000      0x598
 .debug_frame   0x00000000       0x80 AC.o
 .debug_frame   0x00000080       0x44 entry.o
 .debug_frame   0x000000c4      0x194 FS.o
 .debug_frame   0x00000258       0x48 main.o
 .debug_frame   0x000002a0       0x28 OS.o
 .debug_frame   0x000002c8       0x98 pm.o
 .debug_frame   0x00000360      0x18c rt.o
 .debug_frame   0x000004ec       0x2c sharedfunc.o
 .debug_frame   0x00000518       0x80 srv.o
